[0m[0KMicrosoft Windows [Versión 10.0.17134.112][0K[?25l
(c) 2018 Microsoft Corporation. Todos los derechos reservados.[0K
[0K
G:\Mi unidad\Personal_web\Personal_web\alvarogutyerrez>[0K[?25hg[0Ki[0Kt[0K[60G[?25lG:\Mi unidad\Personal_web\Personal_web\alvarogutyerrez>git a[0K[?25hd[0Kd[0K[64G[?25lG:\Mi unidad\Personal_web\Personal_web\alvarogutyerrez>git add -[0K[?25hA[0K]0;  - git  add -A[?25l
[0K[?25hwarning: LF will be replaced by CRLF in .Rproj.user/F59306F1/pcs/files-pane.pper.[0K[?25l
The file will have its original line endings in your working directory.[0K
warning: LF will be replaced by CRLF in .Rproj.user/F59306F1/pcs/packages-pane.pper.[0K
The file will have its original line endings in your working directory.[0K[1A[?25h[?25l

warning: LF will be replaced by CRLF in .Rproj.user/F59306F1/pcs/source-pane.pper.[0K
The file will have its original line endings in your working directory.[0K
[0K[?25hwarning: LF will be replaced by CRLF in .Rproj.user/F59306F1/pcs/windowlayoutstate.pper.[0K[?25l
The file will have its original line endings in your working directory.[0K
warning: LF will be replaced by CRLF in .Rproj.user/F59306F1/pcs/workbench-pane.pper.[0K
The file will have its original line endings in your working directory.[0K
[0K[?25hwarning: LF will be replaced by CRLF in .Rproj.user/F59306F1/rmd-outputs.[0K[?25l
The file will have its original line endings in your working directory.[0K
warning: LF will be replaced by CRLF in .Rproj.user/F59306F1/sources/prop/1F233BCB.[0K
The file will have its original line endings in your working directory.[0K
[0K[?25hwarning: LF will be replaced by CRLF in .Rproj.user/F59306F1/sources/prop/5E289710.[0K[?25l
The file will have its original line endings in your working directory.[0K
warning: LF will be replaced by CRLF in .Rproj.user/F59306F1/sources/prop/6D024B4C.[0K
The file will have its original line endings in your working directory.[0K
[0K[?25hwarning: LF will be replaced by CRLF in .Rproj.user/F59306F1/sources/prop/7418019B.[0K[?25l
The file will have its original line endings in your working directory.[0K
[0K[?25hwarning: LF will be replaced by CRLF in .Rproj.user/F59306F1/sources/prop/B0A238E6.[0K[?25l
The file will have its original line endings in your working directory.[0K
[0K[?25hwarning: LF will be replaced by CRLF in .Rproj.user/F59306F1/sources/prop/CEA8BF79.[0K[?25l
The file will have its original line endings in your working directory.[0K
[0K[?25hwarning: LF will be replaced by CRLF in .Rproj.user/F59306F1/sources/prop/INDEX.[0K[?25l
The file will have its original line endings in your working directory.[0K
[0K[?25hwarning: LF will be replaced by CRLF in .Rproj.user/shared/notebooks/paths.[0K[?25l
The file will have its original line endings in your working directory.[0K
[0K[?25hwarning: LF will be replaced by CRLF in site_libs/bootstrap-3.3.5/css/bootstrap-theme.css.[0K[?25l
The file will have its original line endings in your working directory.[0K
[0K[?25hwarning: LF will be replaced by CRLF in site_libs/bootstrap-3.3.5/css/bootstrap-theme.min.css.[0K[?25l
The file will have its original line endings in your working directory.[0K
warning: LF will be replaced by CRLF in site_libs/bootstrap-3.3.5/css/bootstrap.css.[0K
The file will have its original line endings in your working directory.[0K
[0K[?25hwarning: LF will be replaced by CRLF in site_libs/bootstrap-3.3.5/css/bootstrap.min.css.[0K[?25l
The file will have its original line endings in your working directory.[0K
warning: LF will be replaced by CRLF in site_libs/bootstrap-3.3.5/css/cerulean.min.css.[0K
The file will have its original line endings in your working directory.[0K
[0K[?25hwarning: LF will be replaced by CRLF in site_libs/bootstrap-3.3.5/css/cosmo.min.css.[0K[?25l
The file will have its original line endings in your working directory.[0K
warning: LF will be replaced by CRLF in site_libs/bootstrap-3.3.5/css/flatly.min.css.[0K
The file will have its original line endings in your working directory.[0K
[0K[?25hwarning: LF will be replaced by CRLF in site_libs/bootstrap-3.3.5/css/journal.min.css.[0K[?25l
The file will have its original line endings in your working directory.[0K
warning: LF will be replaced by CRLF in site_libs/bootstrap-3.3.5/css/lumen.min.css.[0K
The file will have its original line endings in your working directory.[0K
warning: LF will be replaced by CRLF in site_libs/bootstrap-3.3.5/css/paper.min.css.[0K
The file will have its original line endings in your working directory.[0K
warning: LF will be replaced by CRLF in site_libs/bootstrap-3.3.5/css/readable.min.css.[0K[1G[?25h[?25l
The file will have its original line endings in your working directory.[0K
warning: LF will be replaced by CRLF in site_libs/bootstrap-3.3.5/css/sandstone.min.css.[0K
The file will have its original line endings in your working directory.[0K
warning: LF will be replaced by CRLF in site_libs/bootstrap-3.3.5/css/simplex.min.css.[0K
The file will have its original line endings in your working directory.[0K
warning: LF will be replaced by CRLF in site_libs/bootstrap-3.3.5/css/spacelab.min.css.[0K
The file will have its original line endings in your working directory.[0K
[0K[?25hwarning: LF will be replaced by CRLF in site_libs/bootstrap-3.3.5/css/united.min.css.[0K[?25l
The file will have its original line endings in your working directory.[0K
warning: LF will be replaced by CRLF in site_libs/bootstrap-3.3.5/css/yeti.min.css.[0K
The file will have its original line endings in your working directory.[0K
[0K[?25hwarning: LF will be replaced by CRLF in site_libs/bootstrap-3.3.5/fonts/glyphicons-halflings-regular.svg.[0K[?25l
The file will have its original line endings in your working directory.[0K
[0K[?25hwarning: LF will be replaced by CRLF in site_libs/bootstrap-3.3.5/js/bootstrap.js.[0K[?25l
The file will have its original line endings in your working directory.[0K
[0K[?25hwarning: LF will be replaced by CRLF in site_libs/bootstrap-3.3.5/js/bootstrap.min.js.[0K[?25l
The file will have its original line endings in your working directory.[0K
warning: LF will be replaced by CRLF in site_libs/bootstrap-3.3.5/js/npm.js.[0K
The file will have its original line endings in your working directory.[0K
[0K[?25hwarning: LF will be replaced by CRLF in site_libs/bootstrap-3.3.5/shim/html5shiv.min.js.[0K[?25l
The file will have its original line endings in your working directory.[0K
warning: LF will be replaced by CRLF in site_libs/bootstrap-3.3.5/shim/respond.min.js.[0K
The file will have its original line endings in your working directory.[0K
warning: LF will be replaced by CRLF in site_libs/font-awesome-4.5.0/css/font-awesome.css.[0K
The file will have its original line endings in your working directory.[0K
[0K[?25hwarning: LF will be replaced by CRLF in site_libs/font-awesome-4.5.0/css/font-awesome.min.css.[0K[?25l
The file will have its original line endings in your working directory.[0K
[0K[?25hwarning: LF will be replaced by CRLF in site_libs/highlightjs-9.12.0/default.css.[0K[?25l
The file will have its original line endings in your working directory.[0K
warning: LF will be replaced by CRLF in site_libs/highlightjs-9.12.0/highlight.js.[0K[1G[?25h[?25l
The file will have its original line endings in your working directory.[0K
warning: LF will be replaced by CRLF in site_libs/highlightjs-9.12.0/textmate.css.[0K
The file will have its original line endings in your working directory.[0K
[0K[?25hwarning: LF will be replaced by CRLF in site_libs/jquery-1.11.3/jquery.min.js.[0K[?25l
The file will have its original line endings in your working directory.[0K
warning: LF will be replaced by CRLF in site_libs/navigation-1.1/codefolding.js.[0K
The file will have its original line endings in your working directory.[0K
warning: LF will be replaced by CRLF in site_libs/navigation-1.1/sourceembed.js.[0K
The file will have its original line endings in your working directory.[0K
[0K[?25hwarning: LF will be replaced by CRLF in site_libs/navigation-1.1/tabsets.js.[0K[?25l
The file will have its original line endings in your working directory.[0K
[0K[?25hwarning: LF will be replaced by CRLF in .Rproj.user/F59306F1/sources/prop/1C8E959.[0K[?25l
The file will have its original line endings in your working directory.[0K
[0K[?25hwarning: LF will be replaced by CRLF in .Rproj.user/F59306F1/sources/prop/5063E750.[0K[?25l
The file will have its original line endings in your working directory.[0K
warning: LF will be replaced by CRLF in .Rproj.user/F59306F1/sources/prop/6F8ED431.[0K
The file will have its original line endings in your working directory.[0K
[0K[?25hwarning: LF will be replaced by CRLF in .Rproj.user/F59306F1/sources/prop/85FA6930.[0K[?25l
The file will have its original line endings in your working directory.[0K
[0K[?25hwarning: LF will be replaced by CRLF in .Rproj.user/F59306F1/sources/prop/915D7219.[0K[?25l
The file will have its original line endings in your working directory.[0K
warning: LF will be replaced by CRLF in .Rproj.user/F59306F1/sources/prop/C1CFD80F.[0K
The file will have its original line endings in your working directory.[0K
[0K[?25hwarning: LF will be replaced by CRLF in .Rproj.user/F59306F1/sources/prop/CA269D41.[0K[?25l
The file will have its original line endings in your working directory.[0K
warning: LF will be replaced by CRLF in .Rproj.user/F59306F1/sources/prop/EB120B8F.[0K
The file will have its original line endings in your working directory.[0K
[0K[?25hwarning: LF will be replaced by CRLF in .Rproj.user/F59306F1/sources/s-BF95E65E/2CFA4B8.[0K[?25l
The file will have its original line endings in your working directory.[0K
[0K[?25hwarning: LF will be replaced by CRLF in .Rproj.user/F59306F1/sources/s-BF95E65E/2CFA4B8-contents.[0K[?25l
The file will have its original line endings in your working directory.[0K
[0K[?25hwarning: LF will be replaced by CRLF in .Rproj.user/F59306F1/sources/s-BF95E65E/2FB531E9.[0K[?25l
The file will have its original line endings in your working directory.[0K
[0K[?25hwarning: LF will be replaced by CRLF in .Rproj.user/F59306F1/sources/s-BF95E65E/2FB531E9-contents.[0K[?25l
The file will have its original line endings in your working directory.[0K
[0K[?25hwarning: LF will be replaced by CRLF in .Rproj.user/F59306F1/sources/s-BF95E65E/34AFDFAB.[0K[?25l
The file will have its original line endings in your working directory.[0K
[0K[?25hwarning: LF will be replaced by CRLF in .Rproj.user/F59306F1/sources/s-BF95E65E/34AFDFAB-contents.[0K[?25l
The file will have its original line endings in your working directory.[0K
[0K[?25hwarning: LF will be replaced by CRLF in .Rproj.user/F59306F1/sources/s-BF95E65E/3ADAB137.[0K[?25l
The file will have its original line endings in your working directory.[0K
[0K[?25hwarning: LF will be replaced by CRLF in .Rproj.user/F59306F1/sources/s-BF95E65E/3ADAB137-contents.[0K[?25l
The file will have its original line endings in your working directory.[0K
warning: LF will be replaced by CRLF in .Rproj.user/F59306F1/sources/s-BF95E65E/48F8FE49-contents.[0K[1G[?25h[?25l
The file will have its original line endings in your working directory.[0K
warning: LF will be replaced by CRLF in .Rproj.user/F59306F1/sources/s-BF95E65E/4B3769C1-contents.[0K
The file will have its original line endings in your working directory.[0K
warning: LF will be replaced by CRLF in .Rproj.user/F59306F1/sources/s-BF95E65E/6F525310-contents.[0K
The file will have its original line endings in your working directory.[0K
warning: LF will be replaced by CRLF in .Rproj.user/F59306F1/sources/s-BF95E65E/74A31EAA-contents.[0K[76G[?25h[?25l
The file will have its original line endings in your working directory.[0K
[0K[?25hwarning: LF will be replaced by CRLF in .Rproj.user/F59306F1/sources/s-BF95E65E/761ACCE9-contents.[0K[?25l
The file will have its original line endings in your working directory.[0K
[0K[?25hwarning: LF will be replaced by CRLF in .Rproj.user/F59306F1/sources/s-BF95E65E/86269CF9-contents.[0K[?25l
The file will have its original line endings in your working directory.[0K
[0K[?25hwarning: LF will be replaced by CRLF in .Rproj.user/F59306F1/sources/s-BF95E65E/924BE4EF.[0K[?25l
The file will have its original line endings in your working directory.[0K
[0K[?25hwarning: LF will be replaced by CRLF in .Rproj.user/F59306F1/sources/s-BF95E65E/924BE4EF-contents.[0K[?25l
The file will have its original line endings in your working directory.[0K
[0K[?25hwarning: LF will be replaced by CRLF in .Rproj.user/F59306F1/sources/s-BF95E65E/ABE2ADD6-contents.[0K[?25l
The file will have its original line endings in your working directory.[0K
warning: LF will be replaced by CRLF in .Rproj.user/F59306F1/sources/s-BF95E65E/EA395D75.[0K
The file will have its original line endings in your working directory.[0K
[0K[?25hwarning: LF will be replaced by CRLF in .Rproj.user/F59306F1/sources/s-BF95E65E/EA395D75-contents.[0K[?25l
The file will have its original line endings in your working directory.[0K
[0K[?25hwarning: LF will be replaced by CRLF in .Rproj.user/F59306F1/sources/s-BF95E65E/FA703AF-contents.[0K[?25l
The file will have its original line endings in your working directory.[0K
[0K[?25h]0; [?25l
G:\Mi unidad\Personal_web\Personal_web\alvarogutyerrez>[0K[?25hg[0Ki[0Kt[0K[60G[?25lG:\Mi unidad\Personal_web\Personal_web\alvarogutyerrez>git c[0K[?25ho[0Km[0Km[0Kiu[0Kt[0K[?25lG:\Mi unidad\Personal_web\Personal_web\alvarogutyerrez>git commiu[0K[?25h[?25lG:\Mi unidad\Personal_web\Personal_web\alvarogutyerrez>git commit[0K[?25h[67G[?25lG:\Mi unidad\Personal_web\Personal_web\alvarogutyerrez>git commit -[0K[?25hM[0K[?25lG:\Mi unidad\Personal_web\Personal_web\alvarogutyerrez>git commit -[0K[?25hm[0K[70G[?25lG:\Mi unidad\Personal_web\Personal_web\alvarogutyerrez>git commit -m "[0K[?25hg[0Ke[0K[?25lG:\Mi unidad\Personal_web\Personal_web\alvarogutyerrez>git commit -m "g[0K[?25h[?25lG:\Mi unidad\Personal_web\Personal_web\alvarogutyerrez>git commit -m "[0K[?25hh[0Ke[0Kr[0Ke[0K[76G[?25lG:\Mi unidad\Personal_web\Personal_web\alvarogutyerrez>git commit -m "here w[0K[?25he[0Kg[0Ko[0K[?25lG:\Mi unidad\Personal_web\Personal_web\alvarogutyerrez>git commit -m "here weg[0K[?25h}[0K[?25lG:\Mi unidad\Personal_web\Personal_web\alvarogutyerrez>git commit -m "here weg[0K[?25h[?25lG:\Mi unidad\Personal_web\Personal_web\alvarogutyerrez>git commit -m "here we[0K[?25h[79G[?25lG:\Mi unidad\Personal_web\Personal_web\alvarogutyerrez>git commit -m "here we g[0K[?25ho[0K"[0K]0;  - git  commit -m "here we go"[?25l
[0K[?25h]0; [master 6413cff] here we go[0K[?25l
 88 files changed, 2545 insertions(+), 288 deletions(-)[0K
 rewrite .Rproj.user/F59306F1/console06/INDEX001 (84%)[0K
 create mode 100644 .Rproj.user/F59306F1/sources/prop/1C8E959[0K
 create mode 100644 .Rproj.user/F59306F1/sources/prop/5063E750[0K
 create mode 100644 .Rproj.user/F59306F1/sources/prop/6F8ED431[0K
 create mode 100644 .Rproj.user/F59306F1/sources/prop/85FA6930[0K
 create mode 100644 .Rproj.user/F59306F1/sources/prop/915D7219[0K
 create mode 100644 .Rproj.user/F59306F1/sources/prop/C1CFD80F[0K
 create mode 100644 .Rproj.user/F59306F1/sources/prop/CA269D41[0K
 create mode 100644 .Rproj.user/F59306F1/sources/prop/EB120B8F[0K
 create mode 100644 .Rproj.user/F59306F1/sources/s-BF95E65E/2CFA4B8[0K
 create mode 100644 .Rproj.user/F59306F1/sources/s-BF95E65E/2CFA4B8-contents[0K
 rename .Rproj.user/F59306F1/sources/{s-E84BA48B => s-BF95E65E}/2FB531E9 (66%)[0K
 create mode 100644 .Rproj.user/F59306F1/sources/s-BF95E65E/2FB531E9-contents[0K
 create mode 100644 .Rproj.user/F59306F1/sources/s-BF95E65E/34AFDFAB[0K
 create mode 100644 .Rproj.user/F59306F1/sources/s-BF95E65E/34AFDFAB-contents[0K
 rename .Rproj.user/F59306F1/sources/{s-E84BA48B => s-BF95E65E}/3ADAB137 (93%)[0K
 rename .Rproj.user/F59306F1/sources/{s-E84BA48B => s-BF95E65E}/3ADAB137-contents (100%)[0K
 create mode 100644 .Rproj.user/F59306F1/sources/s-BF95E65E/48F8FE49-contents[0K
 create mode 100644 .Rproj.user/F59306F1/sources/s-BF95E65E/4B3769C1-contents[0K
 rename taller_stata_intro.Rmd => .Rproj.user/F59306F1/sources/s-BF95E65E/6F525310-contents (100%)[0K
 create mode 100644 .Rproj.user/F59306F1/sources/s-BF95E65E/74A31EAA-contents[0K
 rename teaching/stata_eco_fin/S01/taller_stata_markdown_S01.Rmd => .Rproj.user/F59306F1/sources/s-BF95E65E/761[0KA
CCE9-contents (100%)[0K
 rename .Rproj.user/F59306F1/sources/{s-E84BA48B => s-BF95E65E}/86269CF9-contents (67%)[0K
 create mode 100644 .Rproj.user/F59306F1/sources/s-BF95E65E/924BE4EF[0K
 create mode 100644 .Rproj.user/F59306F1/sources/s-BF95E65E/924BE4EF-contents[0K
 create mode 100644 .Rproj.user/F59306F1/sources/s-BF95E65E/ABE2ADD6-contents[0K
 create mode 100644 .Rproj.user/F59306F1/sources/s-BF95E65E/EA395D75[0K
 create mode 100644 .Rproj.user/F59306F1/sources/s-BF95E65E/EA395D75-contents[0K
 create mode 100644 .Rproj.user/F59306F1/sources/s-BF95E65E/FA703AF-contents[0K
 rename .Rproj.user/F59306F1/sources/{s-E84BA48B => s-BF95E65E}/lock_file (100%)[0K
 delete mode 100644 .Rproj.user/F59306F1/sources/s-E84BA48B/2FB531E9-contents[0K
 delete mode 100644 .Rproj.user/F59306F1/sources/s-E84BA48B/33A462AE-contents[0K
 delete mode 100644 .Rproj.user/F59306F1/sources/s-E84BA48B/86269CF9[0K
 create mode 100644 .Rproj.user/shared/notebooks/69A5E938-taller_stata_intro/1/F59306F1BF95E65E/chunks.json[0K
 create mode 100644 .Rproj.user/shared/notebooks/69A5E938-taller_stata_intro/1/s/chunks.json[0K
 create mode 100644 .Rproj.user/shared/notebooks/7BAF7F83-teaching/1/F59306F1BF95E65E/chunks.json[0K
 create mode 100644 .Rproj.user/shared/notebooks/7BAF7F83-teaching/1/s/chunks.json[0K
 create mode 100644 .Rproj.user/shared/notebooks/7C36D122-taller_stata_markdown_S02/1/F59306F1BF95E65E/chunks.j[0Ks
on[0K
 create mode 100644 .Rproj.user/shared/notebooks/7C36D122-taller_stata_markdown_S02/1/s/chunks.json[0K
 create mode 100644 .Rproj.user/shared/notebooks/A1BC1D8C-research/1/F59306F1BF95E65E/chunks.json[0K
 create mode 100644 .Rproj.user/shared/notebooks/A1BC1D8C-research/1/s/chunks.json[0K
 create mode 100644 .Rproj.user/shared/notebooks/A478300B-_teaching/1/F59306F1BF95E65E/chunks.json[0K
 create mode 100644 .Rproj.user/shared/notebooks/A478300B-_teaching/1/s/chunks.json[0K
 create mode 100644 .Rproj.user/shared/notebooks/AD4DB467-about/1/F59306F1BF95E65E/chunks.json[0K
 create mode 100644 .Rproj.user/shared/notebooks/B81411B5-taller_stata_intro/1/s/chunks.json[0K
 create mode 100644 .Rproj.user/shared/notebooks/D9D8FF44-index/1/F59306F1BF95E65E/chunks.json[0K
 create mode 100644 .Rproj.user/shared/notebooks/D9D8FF44-index/1/s/chunks.json[0K
 create mode 100644 _teaching.Rmd[0K
 rename taller_stata_intro.html => _teaching.html (76%)[0K
 create mode 100644 _teaching/stata_eco_fin/DataSets/eps2009_trabajable.dta[0K
 rename {teaching => _teaching}/stata_eco_fin/S01/formato.jpg (100%)[0K
 rename {teaching => _teaching}/stata_eco_fin/S01/interfaz.jpg (100%)[0K
 rename {teaching => _teaching}/stata_eco_fin/S01/list.JPG (100%)[0K
 rename {teaching => _teaching}/stata_eco_fin/S01/seccion.jpg (100%)[0K
 rename {teaching => _teaching}/stata_eco_fin/S01/table_cars.JPG (100%)[0K
 create mode 100644 _teaching/stata_eco_fin/S01/taller_stata_markdown_S01.Rmd[0K
 rename {teaching => _teaching}/stata_eco_fin/S01/taller_stata_markdown_S01.html (100%)[0K
 rename {teaching => _teaching}/stata_eco_fin/S02/S02.pdf (100%)[0K
 rename {teaching => _teaching}/stata_eco_fin/S02/S02_FOLDERS.JPG (100%)[0K
 rename {teaching => _teaching}/stata_eco_fin/S02/taller_stata_markdown_S02.Rmd (97%)[0K
 rename {teaching => _teaching}/stata_eco_fin/S02/taller_stata_markdown_S02.html (99%)[0K
 create mode 100644 _teaching/stata_eco_fin/main/taller_stata_intro.Rmd[0K
 create mode 100644 _teaching/stata_eco_fin/main/taller_stata_intro.html[0K
 rewrite index.Rmd (97%)[0K
 create mode 100644 research.Rmd[0K
 create mode 100644 research.html[0K
 create mode 100644 teaching.Rmd[0K
 create mode 100644 teaching.html[0K
[0K
G:\Mi unidad\Personal_web\Personal_web\alvarogutyerrez>[0K[?25hg[0Ki[0Kt[0K[60G[?25lG:\Mi unidad\Personal_web\Personal_web\alvarogutyerrez>git p[0K[?25hu[0Ks[0Kh[0K[65G[?25lG:\Mi unidad\Personal_web\Personal_web\alvarogutyerrez>git push o[0K[?25hr[0Ki[0Kg[0Ki[0Kn[0K[72G[?25lG:\Mi unidad\Personal_web\Personal_web\alvarogutyerrez>git push origin m[0K[?25ha[0Ks[0Kt[0Ke[0Kr[0K]0;  - git  push origin master[?25l
[0K[?25hCounting objects: 99, done.[0K[?25l
[0K[?25hDelta compression using up to 4 threads.[0K[?25l
Compressing objects:  15% (12/76)[0K[1G[?25h[?25lCompressing objects:  44% (34/76)[0K[1G[?25h[?25lCompressing objects:  55% (42/76)[0K[1G[?25h[?25lCompressing objects:  78% (60/76)[0K[1G[?25h[?25lCompressing objects:  96% (73/76)[0K[1G[?25hCompressing objects: 100% (76/76), done.[0K[?25l
Writing objects:  19% (19/99)[0K[1G[?25h[?25lWriting objects:  38% (38/99)[0K[1G[?25h[?25lWriting objects:  53% (53/99)[0K[1G[?25h[?25lWriting objects:  72% (72/99)[0K[1G[?25h[?25lWriting objects:  88% (88/99)[0K[1G[?25h[?25lWriting objects:  88% (88/99), 984.00 KiB | 246.00 KiB/s[0K[1G[?25h[?25lWriting objects:  88% (88/99), 1.33 MiB | 271.00 KiB/s[0K[1G[?25h[?25lWriting objects:  88% (88/99), 1.72 MiB | 289.00 KiB/s[0K[1G[?25h[?25lWriting objects:  88% (88/99), 2.11 MiB | 303.00 KiB/s[0K[1G[?25h[?25lWriting objects:  88% (88/99), 2.48 MiB | 312.00 KiB/s[0K[1G[?25h[?25lWriting objects:  88% (88/99), 2.85 MiB | 366.00 KiB/s[0K[1G[?25h[?25lWriting objects:  88% (88/99), 3.23 MiB | 369.00 KiB/s[0K[1G[?25h[?25lWriting objects:  88% (88/99), 3.58 MiB | 351.00 KiB/s[0K[1G[?25h[?25lWriting objects:  88% (88/99), 3.97 MiB | 352.00 KiB/s[0K[1G[?25h[?25lWriting objects:  88% (88/99), 4.16 MiB | 351.00 KiB/s[0K[1G[?25h[?25lWriting objects:  88% (88/99), 4.55 MiB | 360.00 KiB/s[0K[1G[?25h[?25lWriting objects:  88% (88/99), 4.91 MiB | 357.00 KiB/s[0K[1G[?25h[?25lWriting objects:  90% (90/99), 4.91 MiB | 357.00 KiB/s[0K[1G[?25h[?25lWriting objects:  92% (92/99), 5.11 MiB | 377.00 KiB/s[0K[1G[?25h[?25lWriting objects:  92% (92/99), 5.30 MiB | 382.00 KiB/s[0K[1G[?25hWriting objects: 100% (99/99), 5.47 MiB | 339.00 KiB/s, done.[0K[?25l
Total 99 (delta 25), reused 2 (delta 0)[0K
[0K[?25h[?25lremote: Resolving deltas:  68% (17/25)[0K[1G[?25hremote: Resolving deltas: 100% (25/25), completed with 15 local objects.[0K[?25l
[0K[?25hTo https://github.com/alvarogutyerrez/alvarogutyerrez.git[0K[?25l
   8f5cef8..6413cff  master -> master[0K
[0K[?25h]0; [?25l
G:\Mi unidad\Personal_web\Personal_web\alvarogutyerrez>[0K[?25hgit push origin master[0K[?25lG:\Mi unidad\Personal_web\Personal_web\alvarogutyerrez>git commit -m "here we go"[0K[?25h[?25lG:\Mi unidad\Personal_web\Personal_web\alvarogutyerrez>git add -A[0K[?25h[?25l
[0K[?25h]0;  - git  add -Awarning: LF will be replaced by CRLF in .Rproj.user/F59306F1/sources/prop/5063E750.[0K[?25l
The file will have its original line endings in your working directory.[0K
[0K[?25hwarning: LF will be replaced by CRLF in .Rproj.user/F59306F1/sources/prop/6D024B4C.[0K[?25l
The file will have its original line endings in your working directory.[0K
[0K[?25hwarning: LF will be replaced by CRLF in .Rproj.user/F59306F1/sources/prop/6F8ED431.[0K[?25l
The file will have its original line endings in your working directory.[0K
[0K[?25hwarning: LF will be replaced by CRLF in .Rproj.user/F59306F1/sources/prop/7418019B.[0K[?25l
The file will have its original line endings in your working directory.[0K
warning: LF will be replaced by CRLF in .Rproj.user/F59306F1/sources/s-BF95E65E/2CFA4B8.[0K
The file will have its original line endings in your working directory.[0K
[0K[?25hwarning: LF will be replaced by CRLF in .Rproj.user/F59306F1/sources/s-BF95E65E/3ADAB137.[0K[?25l
The file will have its original line endings in your working directory.[0K
[0K[?25hwarning: LF will be replaced by CRLF in .Rproj.user/F59306F1/sources/s-BF95E65E/924BE4EF.[0K[?25l
The file will have its original line endings in your working directory.[0K
[0K[?25hwarning: LF will be replaced by CRLF in .Rproj.user/F59306F1/sources/s-BF95E65E/924BE4EF-contents.[0K[?25l
The file will have its original line endings in your working directory.[0K
[0K[?25hwarning: LF will be replaced by CRLF in .Rproj.user/F59306F1/sources/s-BF95E65E/EA395D75.[0K[?25l
The file will have its original line endings in your working directory.[0K
[0K[?25hwarning: LF will be replaced by CRLF in .Rproj.user/F59306F1/sources/s-BF95E65E/EA395D75-contents.[0K[?25l
The file will have its original line endings in your working directory.[0K
[0K[?25hwarning: LF will be replaced by CRLF in site_libs/bootstrap-3.3.5/css/bootstrap-theme.css.[0K[?25l
The file will have its original line endings in your working directory.[0K
[0K[?25hwarning: LF will be replaced by CRLF in site_libs/bootstrap-3.3.5/css/bootstrap-theme.min.css.[0K[?25l
The file will have its original line endings in your working directory.[0K
warning: LF will be replaced by CRLF in site_libs/bootstrap-3.3.5/css/bootstrap.css.[0K
The file will have its original line endings in your working directory.[0K
[0K[?25hwarning: LF will be replaced by CRLF in site_libs/bootstrap-3.3.5/css/bootstrap.min.css.[0K[?25l
The file will have its original line endings in your working directory.[0K
warning: LF will be replaced by CRLF in site_libs/bootstrap-3.3.5/css/cerulean.min.css.[0K
The file will have its original line endings in your working directory.[0K
[0K[?25hwarning: LF will be replaced by CRLF in site_libs/bootstrap-3.3.5/css/cosmo.min.css.[0K[?25l
The file will have its original line endings in your working directory.[0K
warning: LF will be replaced by CRLF in site_libs/bootstrap-3.3.5/css/flatly.min.css.[0K
The file will have its original line endings in your working directory.[0K
[0K[?25hwarning: LF will be replaced by CRLF in site_libs/bootstrap-3.3.5/css/journal.min.css.[0K[?25l
The file will have its original line endings in your working directory.[0K
warning: LF will be replaced by CRLF in site_libs/bootstrap-3.3.5/css/lumen.min.css.[0K
The file will have its original line endings in your working directory.[0K
[0K[?25hwarning: LF will be replaced by CRLF in site_libs/bootstrap-3.3.5/css/paper.min.css.[0K[?25l
The file will have its original line endings in your working directory.[0K
warning: LF will be replaced by CRLF in site_libs/bootstrap-3.3.5/css/readable.min.css.[0K
The file will have its original line endings in your working directory.[0K
warning: LF will be replaced by CRLF in site_libs/bootstrap-3.3.5/css/sandstone.min.css.[0K
The file will have its original line endings in your working directory.[0K
[0K[?25hwarning: LF will be replaced by CRLF in site_libs/bootstrap-3.3.5/css/simplex.min.css.[0K[?25l
The file will have its original line endings in your working directory.[0K
warning: LF will be replaced by CRLF in site_libs/bootstrap-3.3.5/css/spacelab.min.css.[0K
The file will have its original line endings in your working directory.[0K
warning: LF will be replaced by CRLF in site_libs/bootstrap-3.3.5/css/united.min.css.[0K
The file will have its original line endings in your working directory.[0K
[0K[?25hwarning: LF will be replaced by CRLF in site_libs/bootstrap-3.3.5/css/yeti.min.css.[0K[?25l
The file will have its original line endings in your working directory.[0K
warning: LF will be replaced by CRLF in site_libs/bootstrap-3.3.5/fonts/glyphicons-halflings-regular.svg.[0K
The file will have its original line endings in your working directory.[0K
[0K[?25h[?25lwarning: LF will be replaced by CRLF in site_libs/bootstrap-3.3.5/js/bootstrap.js.[0K[1G[?25h[?25l
The file will have its original line endings in your working directory.[0K
warning: LF will be replaced by CRLF in site_libs/bootstrap-3.3.5/js/bootstrap.min.js.[0K
The file will have its original line endings in your working directory.[0K
warning: LF will be replaced by CRLF in site_libs/bootstrap-3.3.5/js/npm.js.[0K
The file will have its original line endings in your working directory.[0K
warning: LF will be replaced by CRLF in site_libs/bootstrap-3.3.5/shim/html5shiv.min.js.[0K[1G[?25h[?25l
The file will have its original line endings in your working directory.[0K
warning: LF will be replaced by CRLF in site_libs/bootstrap-3.3.5/shim/respond.min.js.[0K
The file will have its original line endings in your working directory.[0K
warning: LF will be replaced by CRLF in site_libs/font-awesome-4.5.0/css/font-awesome.css.[0K
The file will have its original line endings in your working directory.[0K
[0K[?25hwarning: LF will be replaced by CRLF in site_libs/font-awesome-4.5.0/css/font-awesome.min.css.[0K[?25l
The file will have its original line endings in your working directory.[0K
[0K[?25hwarning: LF will be replaced by CRLF in site_libs/highlightjs-9.12.0/default.css.[0K[?25l
The file will have its original line endings in your working directory.[0K
[0K[?25hwarning: LF will be replaced by CRLF in site_libs/highlightjs-9.12.0/highlight.js.[0K[?25l
The file will have its original line endings in your working directory.[0K
warning: LF will be replaced by CRLF in site_libs/highlightjs-9.12.0/textmate.css.[0K
The file will have its original line endings in your working directory.[0K
[0K[?25hwarning: LF will be replaced by CRLF in site_libs/jquery-1.11.3/jquery.min.js.[0K[?25l
The file will have its original line endings in your working directory.[0K
warning: LF will be replaced by CRLF in site_libs/navigation-1.1/codefolding.js.[0K
The file will have its original line endings in your working directory.[0K
warning: LF will be replaced by CRLF in site_libs/navigation-1.1/sourceembed.js.[0K
The file will have its original line endings in your working directory.[0K
[0K[?25hwarning: LF will be replaced by CRLF in site_libs/navigation-1.1/tabsets.js.[0K[?25l
The file will have its original line endings in your working directory.[0K
[0K[?25h]0; [?25l
G:\Mi unidad\Personal_web\Personal_web\alvarogutyerrez>[0K[?25hgit commit -m "here we go"[0K]0;  - git  commit -m "here we go"[?25l
[0K[?25h]0; [master 0cd91a0] here we go[0K[?25l
 14 files changed, 256 insertions(+), 23 deletions(-)[0K
[0K
G:\Mi unidad\Personal_web\Personal_web\alvarogutyerrez>git push origin master[0K[?25h[?25lG:\Mi unidad\Personal_web\Personal_web\alvarogutyerrez>git add -A[0K[?25h[?25lG:\Mi unidad\Personal_web\Personal_web\alvarogutyerrez>git push origin master[0K[?25h]0;  - git  push origin master[?25l
[0K[?25hCounting objects: 21, done.[0K[?25l
[0K[?25hDelta compression using up to 4 threads.[0K[?25l
Compressing objects:  42% (9/21)[0K[1G[?25h[?25lCompressing objects:  90% (19/21)[0K[1G[?25hCompressing objects: 100% (21/21), done.[0K[?25l
Writing objects:  19% (4/21)[0K[1G[?25hWriting objects: 100% (21/21), 4.12 KiB | 145.00 KiB/s, done.[0K[?25l
Total 21 (delta 13), reused 0 (delta 0)[0K
[0K[?25hremote: Resolving deltas:  30% (4/13)[0K[41G[?25lremote: Resolving deltas:  38% (5/13)[0K[1G[?25hremote: Resolving deltas:  76% (10/13)[0K[41G[?25lremote: Resolving deltas: 100% (13/13), completed with 13 local objects.[0K
[0K[?25hTo https://github.com/alvarogutyerrez/alvarogutyerrez.git[0K[?25l
   6413cff..0cd91a0  master -> master[0K
[0K[?25h]0; [?25l
G:\Mi unidad\Personal_web\Personal_web\alvarogutyerrez>[0K[?25hgit add -A[0K[?25lG:\Mi unidad\Personal_web\Personal_web\alvarogutyerrez>git commit -m "here we go"[0K[?25h]0;  - git  commit -m "here we go"[?25l
[0K[?25h]0; On branch master[0K[?25l
Your branch is up to date with 'origin/master'.[0K
[0K
Changes not staged for commit:[0K
        [0;31mmodified:   .Rproj.user/F59306F1/console06/4A4A6FE9[0m[0K
        [0;31mmodified:   .Rproj.user/F59306F1/sources/prop/6F8ED431[0m[0K
        [0;31mmodified:   .Rproj.user/F59306F1/sources/prop/CA269D41[0m[0K
        [0;31mmodified:   .Rproj.user/F59306F1/sources/s-BF95E65E/924BE4EF[0m[0K
        [0;31mmodified:   _teaching/stata_eco_fin/S01/taller_stata_markdown_S01.Rmd[0m[0K
[0K
Untracked files:[0K
        [0;31m.Rproj.user/F59306F1/sources/s-BF95E65E/5BD67690[0m[0K
        [0;31m.Rproj.user/F59306F1/sources/s-BF95E65E/5BD67690-contents[0m[0K
        [0;31m.Rproj.user/shared/notebooks/7F34E543-taller_stata_markdown_S01/[0m[0K
[0K
no changes added to commit[0K
[0K
G:\Mi unidad\Personal_web\Personal_web\alvarogutyerrez>[0K[?25hgit commit -m "here we go"[0K[?25lG:\Mi unidad\Personal_web\Personal_web\alvarogutyerrez>git push origin master[0K[?25h[?25lG:\Mi unidad\Personal_web\Personal_web\alvarogutyerrez>git commit -m "here we go"[0K[?25h[?25lG:\Mi unidad\Personal_web\Personal_web\alvarogutyerrez>git push origin master[0K[?25h[?25lG:\Mi unidad\Personal_web\Personal_web\alvarogutyerrez>git commit -m "here we go"[0K[?25h[?25lG:\Mi unidad\Personal_web\Personal_web\alvarogutyerrez>git add -A[0K[?25h[?25l
[0K[?25h]0;  - git  add -A